node.exe : npm error Missing script: "build"
At C:\Program Files\nodejs\npm.ps1:29 char:3
+   & $NODE_EXE $NPM_CLI_JS $args
+   ~~~~~~~~~~~~~~~~~~~~~~~~~~~~~
    + CategoryInfo          : NotSpecified: (npm error Missing script: "build" 
   :String) [], RemoteException
    + FullyQualifiedErrorId : NativeCommandError
 
npm error
npm error To see a list of scripts, run:
npm error   npm run
npm error A complete log of this run can be found in: C:\Users\Chandrakant\AppD
ata\Local\npm-cache\_logs\2026-04-07T20_18_01_679Z-debug-0.log
